******************************************************************************
                  TI ARM Linker Unix v18.12.4                  
******************************************************************************
>> Linked Sat May 16 23:44:13 2020

OUTPUT FILE NAME:   <Lab5_MotorControl.out>
ENTRY POINT SYMBOL: "_c_int00_noargs"  address: 00000ee5


MEMORY CONFIGURATION

         name            origin    length      used     unused   attr    fill
----------------------  --------  ---------  --------  --------  ----  --------
  MAIN                  00000000   00040000  00000ffe  0003f002  R  X
  INFO                  00200000   00004000  00000000  00004000  R  X
  SRAM_CODE             01000000   00010000  0000029a  0000fd66  RW X
  SRAM_DATA             20000000   00010000  0000029a  0000fd66  RW  


SEGMENT ALLOCATION MAP

run origin  load origin   length   init length attrs members
----------  ----------- ---------- ----------- ----- -------
00000000    00000000    00001000   00001000    r-x
  00000000    00000000    000000e4   000000e4    r-- .intvecs
  000000e4    000000e4    00000ea2   00000ea2    r-x .text
  00000f88    00000f88    00000078   00000078    r-- .cinit
20000000    20000000    0000009a   00000000    rw-
  20000000    20000000    00000078   00000000    rw- .data
  20000078    20000078    00000022   00000000    rw- .bss
2000fe00    2000fe00    00000200   00000000    rw-
  2000fe00    2000fe00    00000200   00000000    rw- .stack


SECTION ALLOCATION MAP

 output                                  attributes/
section   page    origin      length       input sections
--------  ----  ----------  ----------   ----------------
.intvecs   0    00000000    000000e4     
                  00000000    000000e4     startup_msp432p401r_ccs.obj (.intvecs:retain)

.text      0    000000e4    00000ea2     
                  000000e4    00000738     main.obj (.text)
                  0000081c    000001e0     system_msp432p401r.obj (.text)
                  000009fc    000001b6     rtsv7M4_T_le_v4SPD16_eabi.lib : fd_add_t2.asm.obj (.text)
                  00000bb2    000000fc                                   : fd_mul_t2.asm.obj (.text)
                  00000cae    0000009c                                   : memcpy_t2.asm.obj (.text)
                  00000d4a    0000006e                                   : fd_tos_t2.asm.obj (.text)
                  00000db8    00000068                                   : copy_decompress_lzss.c.obj (.text:decompress:lzss:__TI_decompress_lzss)
                  00000e20    00000048                                   : fd_toi_t2.asm.obj (.text)
                  00000e68    00000044                                   : autoinit.c.obj (.text:__TI_auto_init_nobinit_nopinit:__TI_auto_init_nobinit_nopinit)
                  00000eac    00000038                                   : fs_tod_t2.asm.obj (.text)
                  00000ee4    00000034                                   : boot_cortex_m.c.obj (.text:_c_int00_noargs:_c_int00_noargs)
                  00000f18    0000002e                                   : i_tofd_t2.asm.obj (.text)
                  00000f46    0000001c                                   : copy_zero_init.c.obj (.text:decompress:ZI:__TI_zero_init_nomemset:__TI_zero_init_nomemset)
                  00000f62    0000000e                                   : copy_decompress_none.c.obj (.text:decompress:none:__TI_decompress_none)
                  00000f70    0000000e     startup_msp432p401r_ccs.obj (.text)
                  00000f7e    00000004     rtsv7M4_T_le_v4SPD16_eabi.lib : pre_init.c.obj (.text:_system_pre_init)
                  00000f82    00000004                                   : exit.c.obj (.text:abort:abort)

.cinit     0    00000f88    00000078     
                  00000f88    0000004f     (.cinit..data.load) [load image, compression = lzss]
                  00000fd7    00000001     --HOLE-- [fill = 0]
                  00000fd8    0000000c     (__TI_handler_table)
                  00000fe4    00000004     --HOLE-- [fill = 0]
                  00000fe8    00000008     (.cinit..bss.load) [load image, compression = zero_init]
                  00000ff0    00000010     (__TI_cinit_table)

.init_array 
*          0    00000000    00000000     UNINITIALIZED

.binit     0    00000000    00000000     

.data      0    20000000    00000078     UNINITIALIZED
                  20000000    00000028     main.obj (.data:digits)
                  20000028    0000001e     main.obj (.data)
                  20000046    00000002     --HOLE--
                  20000048    00000010     main.obj (.data:cols)
                  20000058    00000010     main.obj (.data:rows)
                  20000068    0000000c     main.obj (.data:y)
                  20000074    00000004     system_msp432p401r.obj (.data)

.bss       0    20000078    00000022     UNINITIALIZED
                  20000078    00000004     (.common:col)
                  2000007c    00000004     (.common:hundreds)
                  20000080    00000004     (.common:ones)
                  20000084    00000004     (.common:row)
                  20000088    00000004     (.common:rpm)
                  2000008c    00000004     (.common:tens)
                  20000090    00000004     (.common:thousands)
                  20000094    00000004     (.common:value)
                  20000098    00000001     (.common:duty1value)
                  20000099    00000001     (.common:duty2value)

.stack     0    2000fe00    00000200     UNINITIALIZED
                  2000fe00    00000004     rtsv7M4_T_le_v4SPD16_eabi.lib : boot_cortex_m.c.obj (.stack)
                  2000fe04    000001fc     --HOLE--

MODULE SUMMARY

       Module                        code   ro data   rw data
       ------                        ----   -------   -------
    ./
       main.obj                      1848   0         296    
       system_msp432p401r.obj        480    0         8      
       startup_msp432p401r_ccs.obj   14     228       0      
    +--+-----------------------------+------+---------+---------+
       Total:                        2342   228       304    
                                                             
    /Applications/ti/ccs930/ccs/tools/compiler/ti-cgt-arm_18.12.4.LTS/lib/rtsv7M4_T_le_v4SPD16_eabi.lib
       fd_add_t2.asm.obj             438    0         0      
       fd_mul_t2.asm.obj             252    0         0      
       memcpy_t2.asm.obj             156    0         0      
       fd_tos_t2.asm.obj             110    0         0      
       copy_decompress_lzss.c.obj    104    0         0      
       fd_toi_t2.asm.obj             72     0         0      
       autoinit.c.obj                68     0         0      
       fs_tod_t2.asm.obj             56     0         0      
       boot_cortex_m.c.obj           52     0         0      
       i_tofd_t2.asm.obj             46     0         0      
       copy_zero_init.c.obj          28     0         0      
       copy_decompress_none.c.obj    14     0         0      
       exit.c.obj                    4      0         0      
       pre_init.c.obj                4      0         0      
    +--+-----------------------------+------+---------+---------+
       Total:                        1404   0         0      
                                                             
       Stack:                        0      0         1024   
       Linker Generated:             0      115       0      
    +--+-----------------------------+------+---------+---------+
       Grand Total:                  3746   343       1328   


LINKER GENERATED COPY TABLES

__TI_cinit_table @ 00000ff0 records: 2, size/record: 8, table size: 16
	.data: load addr=00000f88, load size=0000004f bytes, run addr=20000000, run size=00000078 bytes, compression=lzss
	.bss: load addr=00000fe8, load size=00000008 bytes, run addr=20000078, run size=00000022 bytes, compression=zero_init


LINKER GENERATED HANDLER TABLE

__TI_handler_table @ 00000fd8 records: 3, size/record: 4, table size: 12
	index: 0, handler: __TI_decompress_lzss
	index: 1, handler: __TI_decompress_none
	index: 2, handler: __TI_zero_init


GLOBAL SYMBOLS: SORTED ALPHABETICALLY BY Name 

address   name                          
-------   ----                          
00000f7d  ADC14_IRQHandler              
00000f7d  AES256_IRQHandler             
00000f7d  BusFault_Handler              
00000f83  C$$EXIT                       
00000f7d  COMP_E0_IRQHandler            
00000f7d  COMP_E1_IRQHandler            
00000f7d  CS_IRQHandler                 
00000f7d  DMA_ERR_IRQHandler            
00000f7d  DMA_INT0_IRQHandler           
00000f7d  DMA_INT1_IRQHandler           
00000f7d  DMA_INT2_IRQHandler           
00000f7d  DMA_INT3_IRQHandler           
00000f7d  DebugMon_Handler              
00000f7d  Default_Handler               
00000f7d  EUSCIA0_IRQHandler            
00000f7d  EUSCIA1_IRQHandler            
00000f7d  EUSCIA2_IRQHandler            
00000f7d  EUSCIA3_IRQHandler            
00000f7d  EUSCIB0_IRQHandler            
00000f7d  EUSCIB1_IRQHandler            
00000f7d  EUSCIB2_IRQHandler            
00000f7d  EUSCIB3_IRQHandler            
00000f7d  FLCTL_IRQHandler              
00000f7d  FPU_IRQHandler                
00000f7d  HardFault_Handler             
0000058d  Interrupt_Init                
00000f7d  MemManage_Handler             
00000f7d  NMI_Handler                   
00000f7d  PCM_IRQHandler                
00000f7d  PORT1_IRQHandler              
00000f7d  PORT2_IRQHandler              
000007b5  PORT3_IRQHandler              
000007b5  PORT3_IRQHandler              
00000f7d  PORT4_IRQHandler              
00000785  PORT5_IRQHandler              
00000785  PORT5_IRQHandler              
00000f7d  PORT6_IRQHandler              
00000f7d  PSS_IRQHandler                
00000f7d  PendSV_Handler                
00000f7d  RTC_C_IRQHandler              
00000f71  Reset_Handler                 
00000f7d  SVC_Handler                   
00000f7d  SysTick_Handler               
20000074  SystemCoreClock               
00000873  SystemCoreClockUpdate         
0000081d  SystemInit                    
00000f7d  T32_INT1_IRQHandler           
00000f7d  T32_INT2_IRQHandler           
00000f7d  T32_INTC_IRQHandler           
00000f7d  TA0_0_IRQHandler              
00000f7d  TA0_N_IRQHandler              
00000f7d  TA1_0_IRQHandler              
00000f7d  TA1_N_IRQHandler              
0000071d  TA2_0_IRQHandler              
0000071d  TA2_0_IRQHandler              
00000f7d  TA2_N_IRQHandler              
00000f7d  TA3_0_IRQHandler              
00000f7d  TA3_N_IRQHandler              
0000062d  TimerA2_Init                  
00000f7d  UsageFault_Handler            
4000480c  WDTCTL_SYM                    
00000f7d  WDT_A_IRQHandler              
20010000  __STACK_END                   
00000200  __STACK_SIZE                  
00000ff0  __TI_CINIT_Base               
00001000  __TI_CINIT_Limit              
00000fd8  __TI_Handler_Table_Base       
00000fe4  __TI_Handler_Table_Limit      
00000e69  __TI_auto_init_nobinit_nopinit
00000db9  __TI_decompress_lzss          
00000f63  __TI_decompress_none          
ffffffff  __TI_pprof_out_hndl           
ffffffff  __TI_prof_data_size           
ffffffff  __TI_prof_data_start          
00000000  __TI_static_base__            
00000f47  __TI_zero_init_nomemset       
00000d4b  __aeabi_d2f                   
00000e21  __aeabi_d2iz                  
00000a07  __aeabi_dadd                  
00000bb3  __aeabi_dmul                  
000009fd  __aeabi_dsub                  
00000ead  __aeabi_f2d                   
00000f19  __aeabi_i2d                   
00000caf  __aeabi_memcpy                
00000caf  __aeabi_memcpy4               
00000caf  __aeabi_memcpy8               
ffffffff  __binit__                     
ffffffff  __c_args__                    
UNDEFED   __mpu_init                    
2000fe00  __stack                       
00000ee5  _c_int00_noargs               
UNDEFED   _system_post_cinit            
00000f7f  _system_pre_init              
00000f83  abort                         
00000219  accelerate                    
ffffffff  binit                         
20000078  col                           
20000048  cols                          
000004a1  configure_ADC                 
00000527  configure_PWM                 
20000028  count                         
20000000  digits                        
00000189  display                       
20000098  duty1value                    
20000099  duty2value                    
2000007c  hundreds                      
20000030  i                             
00000675  idle                          
20000045  idle_mode                     
000003f9  initialize_clock              
00000000  interruptVectors              
00000693  main                          
00000caf  memcpy                        
20000080  ones                          
000003bd  output_dac                    
00000119  parse_rpm                     
20000034  period                        
2000002c  points                        
00000283  press_debouncing              
20000038  pwm_period                    
00000385  read_adc                      
0000022d  release_debouncing            
20000084  row                           
20000058  rows                          
20000088  rpm                           
20000040  rpm1500                       
000000e7  run_PWM                       
000000f1  run_motor                     
000002cb  scan                          
0000035d  spd_ctrl                      
20000044  speed_mode                    
2000003c  stop                          
2000008c  tens                          
20000090  thousands                     
20000094  value                         
000000e5  waitTime                      
20000068  y                             


GLOBAL SYMBOLS: SORTED BY Symbol Address 

address   name                          
-------   ----                          
00000000  __TI_static_base__            
00000000  interruptVectors              
000000e5  waitTime                      
000000e7  run_PWM                       
000000f1  run_motor                     
00000119  parse_rpm                     
00000189  display                       
00000200  __STACK_SIZE                  
00000219  accelerate                    
0000022d  release_debouncing            
00000283  press_debouncing              
000002cb  scan                          
0000035d  spd_ctrl                      
00000385  read_adc                      
000003bd  output_dac                    
000003f9  initialize_clock              
000004a1  configure_ADC                 
00000527  configure_PWM                 
0000058d  Interrupt_Init                
0000062d  TimerA2_Init                  
00000675  idle                          
00000693  main                          
0000071d  TA2_0_IRQHandler              
0000071d  TA2_0_IRQHandler              
00000785  PORT5_IRQHandler              
00000785  PORT5_IRQHandler              
000007b5  PORT3_IRQHandler              
000007b5  PORT3_IRQHandler              
0000081d  SystemInit                    
00000873  SystemCoreClockUpdate         
000009fd  __aeabi_dsub                  
00000a07  __aeabi_dadd                  
00000bb3  __aeabi_dmul                  
00000caf  __aeabi_memcpy                
00000caf  __aeabi_memcpy4               
00000caf  __aeabi_memcpy8               
00000caf  memcpy                        
00000d4b  __aeabi_d2f                   
00000db9  __TI_decompress_lzss          
00000e21  __aeabi_d2iz                  
00000e69  __TI_auto_init_nobinit_nopinit
00000ead  __aeabi_f2d                   
00000ee5  _c_int00_noargs               
00000f19  __aeabi_i2d                   
00000f47  __TI_zero_init_nomemset       
00000f63  __TI_decompress_none          
00000f71  Reset_Handler                 
00000f7d  ADC14_IRQHandler              
00000f7d  AES256_IRQHandler             
00000f7d  BusFault_Handler              
00000f7d  COMP_E0_IRQHandler            
00000f7d  COMP_E1_IRQHandler            
00000f7d  CS_IRQHandler                 
00000f7d  DMA_ERR_IRQHandler            
00000f7d  DMA_INT0_IRQHandler           
00000f7d  DMA_INT1_IRQHandler           
00000f7d  DMA_INT2_IRQHandler           
00000f7d  DMA_INT3_IRQHandler           
00000f7d  DebugMon_Handler              
00000f7d  Default_Handler               
00000f7d  EUSCIA0_IRQHandler            
00000f7d  EUSCIA1_IRQHandler            
00000f7d  EUSCIA2_IRQHandler            
00000f7d  EUSCIA3_IRQHandler            
00000f7d  EUSCIB0_IRQHandler            
00000f7d  EUSCIB1_IRQHandler            
00000f7d  EUSCIB2_IRQHandler            
00000f7d  EUSCIB3_IRQHandler            
00000f7d  FLCTL_IRQHandler              
00000f7d  FPU_IRQHandler                
00000f7d  HardFault_Handler             
00000f7d  MemManage_Handler             
00000f7d  NMI_Handler                   
00000f7d  PCM_IRQHandler                
00000f7d  PORT1_IRQHandler              
00000f7d  PORT2_IRQHandler              
00000f7d  PORT4_IRQHandler              
00000f7d  PORT6_IRQHandler              
00000f7d  PSS_IRQHandler                
00000f7d  PendSV_Handler                
00000f7d  RTC_C_IRQHandler              
00000f7d  SVC_Handler                   
00000f7d  SysTick_Handler               
00000f7d  T32_INT1_IRQHandler           
00000f7d  T32_INT2_IRQHandler           
00000f7d  T32_INTC_IRQHandler           
00000f7d  TA0_0_IRQHandler              
00000f7d  TA0_N_IRQHandler              
00000f7d  TA1_0_IRQHandler              
00000f7d  TA1_N_IRQHandler              
00000f7d  TA2_N_IRQHandler              
00000f7d  TA3_0_IRQHandler              
00000f7d  TA3_N_IRQHandler              
00000f7d  UsageFault_Handler            
00000f7d  WDT_A_IRQHandler              
00000f7f  _system_pre_init              
00000f83  C$$EXIT                       
00000f83  abort                         
00000fd8  __TI_Handler_Table_Base       
00000fe4  __TI_Handler_Table_Limit      
00000ff0  __TI_CINIT_Base               
00001000  __TI_CINIT_Limit              
20000000  digits                        
20000028  count                         
2000002c  points                        
20000030  i                             
20000034  period                        
20000038  pwm_period                    
2000003c  stop                          
20000040  rpm1500                       
20000044  speed_mode                    
20000045  idle_mode                     
20000048  cols                          
20000058  rows                          
20000068  y                             
20000074  SystemCoreClock               
20000078  col                           
2000007c  hundreds                      
20000080  ones                          
20000084  row                           
20000088  rpm                           
2000008c  tens                          
20000090  thousands                     
20000094  value                         
20000098  duty1value                    
20000099  duty2value                    
2000fe00  __stack                       
20010000  __STACK_END                   
4000480c  WDTCTL_SYM                    
ffffffff  __TI_pprof_out_hndl           
ffffffff  __TI_prof_data_size           
ffffffff  __TI_prof_data_start          
ffffffff  __binit__                     
ffffffff  __c_args__                    
ffffffff  binit                         
UNDEFED   __mpu_init                    
UNDEFED   _system_post_cinit            

[137 symbols]
